157.230.245.184 - - [28/May/2019:14:13:58 +0800] "GET /static/index_video/chengjian.mp4 HTTP/1.1" 206 419639 "http://47.100.106.169/index/" "Mozilla/5.0 (Windows NT 6.1; WOW64) AppleWebKit/537.36 (KHTML, like Gecko) Chrome/69.0.3497.81 Safari/537.36"
157.230.245.184 - - [28/May/2019:14:14:44 +0800] "GET /check_login/?input_date=07171008 HTTP/1.1" 200 26 "http://47.100.106.169/login/" "Mozilla/5.0 (Windows NT 6.1; WOW64) AppleWebKit/537.36 (KHTML, like Gecko) Chrome/69.0.3497.81 Safari/537.36"
157.230.245.184 - - [28/May/2019:14:14:44 +0800] "POST /login/ HTTP/1.1" 200 69 "http://47.100.106.169/login/" "Mozilla/5.0 (Windows NT 6.1; WOW64) AppleWebKit/537.36 (KHTML, like Gecko) Chrome/69.0.3497.81 Safari/537.36"
157.230.245.184 - - [28/May/2019:14:15:08 +0800] "POST /login/ HTTP/1.1" 200 69 "http://47.100.106.169/login/" "Mozilla/5.0 (Windows NT 6.1; WOW64) AppleWebKit/537.36 (KHTML, like Gecko) Chrome/69.0.3497.81 Safari/537.36"
157.230.245.184 - - [28/May/2019:14:15:09 +0800] "POST /login/ HTTP/1.1" 200 69 "http://47.100.106.169/login/" "Mozilla/5.0 (Windows NT 6.1; WOW64) AppleWebKit/537.36 (KHTML, like Gecko) Chrome/69.0.3497.81 Safari/537.36"
157.230.245.184 - - [28/May/2019:14:17:49 +0800] "GET /index/ HTTP/1.1" 200 7496 "-" "Mozilla/5.0 (Windows NT 6.1; WOW64) AppleWebKit/537.36 (KHTML, like Gecko) Chrome/69.0.3497.81 Safari/537.36"
157.230.245.184 - - [28/May/2019:14:17:52 +0800] "GET /static/index_video/chengjian.mp4 HTTP/1.1" 206 361719 "http://47.100.106.169/index/" "Mozilla/5.0 (Windows NT 6.1; WOW64) AppleWebKit/537.36 (KHTML, like Gecko) Chrome/69.0.3497.81 Safari/537.36"
157.230.245.184 - - [28/May/2019:14:17:58 +0800] "GET /static/index_video/chengjian.mp4 HTTP/1.1" 206 202439 "http://47.100.106.169/index/" "Mozilla/5.0 (Windows NT 6.1; WOW64) AppleWebKit/537.36 (KHTML, like Gecko) Chrome/69.0.3497.81 Safari/537.36"
157.230.245.184 - - [28/May/2019:14:18:00 +0800] "GET /login/ HTTP/1.1" 200 3861 "http://47.100.106.169/index/" "Mozilla/5.0 (Windows NT 6.1; WOW64) AppleWebKit/537.36 (KHTML, like Gecko) Chrome/69.0.3497.81 Safari/537.36"
157.230.245.184 - - [28/May/2019:14:18:10 +0800] "GET /check_login/?input_date=07171008 HTTP/1.1" 200 26 "http://47.100.106.169/login/" "Mozilla/5.0 (Windows NT 6.1; WOW64) AppleWebKit/537.36 (KHTML, like Gecko) Chrome/69.0.3497.81 Safari/537.36"
157.230.245.184 - - [28/May/2019:14:18:13 +0800] "POST /login/ HTTP/1.1" 200 50 "http://47.100.106.169/login/" "Mozilla/5.0 (Windows NT 6.1; WOW64) AppleWebKit/537.36 (KHTML, like Gecko) Chrome/69.0.3497.81 Safari/537.36"
157.230.245.184 - - [28/May/2019:14:18:14 +0800] "GET /student/23/ HTTP/1.1" 200 7736 "http://47.100.106.169/login/" "Mozilla/5.0 (Windows NT 6.1; WOW64) AppleWebKit/537.36 (KHTML, like Gecko) Chrome/69.0.3497.81 Safari/537.36"
157.230.245.184 - - [28/May/2019:14:18:14 +0800] "GET /static/student_page_tag/u%3D3518659575%2C180584971%26fm%3D26%26gp%3D0.jpg HTTP/1.1" 200 41464 "http://47.100.106.169/student/23/" "Mozilla/5.0 (Windows NT 6.1; WOW64) AppleWebKit/537.36 (KHTML, like Gecko) Chrome/69.0.3497.81 Safari/537.36"
157.230.245.184 - - [28/May/2019:14:19:27 +0800] "GET /student/23/ HTTP/1.1" 200 7736 "http://47.100.106.169/login/" "Mozilla/5.0 (Windows NT 6.1; WOW64) AppleWebKit/537.36 (KHTML, like Gecko) Chrome/69.0.3497.81 Safari/537.36"
157.230.245.184 - - [28/May/2019:14:19:36 +0800] "GET /student/23/ HTTP/1.1" 200 7736 "http://47.100.106.169/login/" "Mozilla/5.0 (Windows NT 6.1; WOW64) AppleWebKit/537.36 (KHTML, like Gecko) Chrome/69.0.3497.81 Safari/537.36"
222.91.125.82 - - [28/May/2019:14:19:57 +0800] "GET /index/ HTTP/1.1" 200 7496 "-" "Mozilla/5.0 (Windows NT 10.0; WOW64) AppleWebKit/537.36 (KHTML, like Gecko) Chrome/74.0.3729.169 Safari/537.36"
222.91.125.82 - - [28/May/2019:14:19:58 +0800] "GET /static/index_video/chengjian.mp4 HTTP/1.1" 206 255224 "http://47.100.106.169/index/" "Mozilla/5.0 (Windows NT 10.0; WOW64) AppleWebKit/537.36 (KHTML, like Gecko) Chrome/74.0.3729.169 Safari/537.36"
222.91.125.82 - - [28/May/2019:14:19:58 +0800] "GET /static/index_img/index.jpg HTTP/1.1" 200 256911 "http://47.100.106.169/index/" "Mozilla/5.0 (Windows NT 10.0; WOW64) AppleWebKit/537.36 (KHTML, like Gecko) Chrome/74.0.3729.169 Safari/537.36"
222.91.125.82 - - [28/May/2019:14:19:59 +0800] "GET /favicon.ico HTTP/1.1" 200 18 "http://47.100.106.169/index/" "Mozilla/5.0 (Windows NT 10.0; WOW64) AppleWebKit/537.36 (KHTML, like Gecko) Chrome/74.0.3729.169 Safari/537.36"
222.91.125.82 - - [28/May/2019:14:20:00 +0800] "GET /login/ HTTP/1.1" 200 3861 "http://47.100.106.169/index/" "Mozilla/5.0 (Windows NT 10.0; WOW64) AppleWebKit/537.36 (KHTML, like Gecko) Chrome/74.0.3729.169 Safari/537.36"
222.91.125.82 - - [28/May/2019:14:20:00 +0800] "GET /static/bootstrap-3.3.7-dist/css/bootstrap.min.css HTTP/1.1" 200 121200 "http://47.100.106.169/login/" "Mozilla/5.0 (Windows NT 10.0; WOW64) AppleWebKit/537.36 (KHTML, like Gecko) Chrome/74.0.3729.169 Safari/537.36"
222.91.125.82 - - [28/May/2019:14:20:00 +0800] "GET /static/bootstrap-3.3.7-dist/js/bootstrap.min.js HTTP/1.1" 200 37045 "http://47.100.106.169/login/" "Mozilla/5.0 (Windows NT 10.0; WOW64) AppleWebKit/537.36 (KHTML, like Gecko) Chrome/74.0.3729.169 Safari/537.36"
222.91.125.82 - - [28/May/2019:14:20:00 +0800] "GET /static/jquery-3.2.1.min.js HTTP/1.1" 200 86659 "http://47.100.106.169/login/" "Mozilla/5.0 (Windows NT 10.0; WOW64) AppleWebKit/537.36 (KHTML, like Gecko) Chrome/74.0.3729.169 Safari/537.36"
222.91.125.82 - - [28/May/2019:14:20:03 +0800] "GET /static/chengjian_img/338905-106.jpg HTTP/1.1" 200 367095 "http://47.100.106.169/login/" "Mozilla/5.0 (Windows NT 10.0; WOW64) AppleWebKit/537.36 (KHTML, like Gecko) Chrome/74.0.3729.169 Safari/537.36"
222.91.125.82 - - [28/May/2019:14:20:04 +0800] "GET /favicon.ico HTTP/1.1" 200 18 "http://47.100.106.169/login/" "Mozilla/5.0 (Windows NT 10.0; WOW64) AppleWebKit/537.36 (KHTML, like Gecko) Chrome/74.0.3729.169 Safari/537.36"
222.91.125.82 - - [28/May/2019:14:20:15 +0800] "GET /check_login/?input_date=07171008 HTTP/1.1" 200 26 "http://47.100.106.169/login/" "Mozilla/5.0 (Windows NT 10.0; WOW64) AppleWebKit/537.36 (KHTML, like Gecko) Chrome/74.0.3729.169 Safari/537.36"
222.91.125.82 - - [28/May/2019:14:20:17 +0800] "POST /login/ HTTP/1.1" 200 50 "http://47.100.106.169/login/" "Mozilla/5.0 (Windows NT 10.0; WOW64) AppleWebKit/537.36 (KHTML, like Gecko) Chrome/74.0.3729.169 Safari/537.36"
222.91.125.82 - - [28/May/2019:14:20:17 +0800] "GET /student/23/ HTTP/1.1" 200 7736 "http://47.100.106.169/login/" "Mozilla/5.0 (Windows NT 10.0; WOW64) AppleWebKit/537.36 (KHTML, like Gecko) Chrome/74.0.3729.169 Safari/537.36"
222.91.125.82 - - [28/May/2019:14:20:17 +0800] "GET /static/student_page_tag/timg.jpg HTTP/1.1" 200 54034 "http://47.100.106.169/student/23/" "Mozilla/5.0 (Windows NT 10.0; WOW64) AppleWebKit/537.36 (KHTML, like Gecko) Chrome/74.0.3729.169 Safari/537.36"
222.91.125.82 - - [28/May/2019:14:20:17 +0800] "GET /static/student_page_tag/timg%20(1).jpg HTTP/1.1" 200 34503 "http://47.100.106.169/student/23/" "Mozilla/5.0 (Windows NT 10.0; WOW64) AppleWebKit/537.36 (KHTML, like Gecko) Chrome/74.0.3729.169 Safari/537.36"
222.91.125.82 - - [28/May/2019:14:20:17 +0800] "GET /static/student_page_tag/timg%20(2).jpg HTTP/1.1" 200 19371 "http://47.100.106.169/student/23/" "Mozilla/5.0 (Windows NT 10.0; WOW64) AppleWebKit/537.36 (KHTML, like Gecko) Chrome/74.0.3729.169 Safari/537.36"
222.91.125.82 - - [28/May/2019:14:20:17 +0800] "GET /static/chengjian_img/timg.jpg HTTP/1.1" 200 27244 "http://47.100.106.169/student/23/" "Mozilla/5.0 (Windows NT 10.0; WOW64) AppleWebKit/537.36 (KHTML, like Gecko) Chrome/74.0.3729.169 Safari/537.36"
222.91.125.82 - - [28/May/2019:14:20:18 +0800] "GET /static/student_page_tag/u%3D3518659575%2C180584971%26fm%3D26%26gp%3D0.jpg HTTP/1.1" 200 41464 "http://47.100.106.169/student/23/" "Mozilla/5.0 (Windows NT 10.0; WOW64) AppleWebKit/537.36 (KHTML, like Gecko) Chrome/74.0.3729.169 Safari/537.36"
222.91.125.82 - - [28/May/2019:14:20:18 +0800] "GET /static/hand_img/timg%20(3).jpg HTTP/1.1" 200 112439 "http://47.100.106.169/student/23/" "Mozilla/5.0 (Windows NT 10.0; WOW64) AppleWebKit/537.36 (KHTML, like Gecko) Chrome/74.0.3729.169 Safari/537.36"
222.91.125.82 - - [28/May/2019:14:20:20 +0800] "GET /static/mouth_img/timg%20(4).jpg HTTP/1.1" 200 116996 "http://47.100.106.169/student/23/" "Mozilla/5.0 (Windows NT 10.0; WOW64) AppleWebKit/537.36 (KHTML, like Gecko) Chrome/74.0.3729.169 Safari/537.36"
222.91.125.82 - - [28/May/2019:14:20:20 +0800] "GET /favicon.ico HTTP/1.1" 404 3206 "http://47.100.106.169/student/23/" "Mozilla/5.0 (Windows NT 10.0; WOW64) AppleWebKit/537.36 (KHTML, like Gecko) Chrome/74.0.3729.169 Safari/537.36"
157.230.245.184 - - [28/May/2019:14:20:28 +0800] "GET /index/ HTTP/1.1" 200 7496 "-" "Mozilla/5.0 (Windows NT 6.1; WOW64) AppleWebKit/537.36 (KHTML, like Gecko) Chrome/69.0.3497.81 Safari/537.36"
157.230.245.184 - - [28/May/2019:14:20:31 +0800] "GET /static/index_video/chengjian.mp4 HTTP/1.1" 206 144519 "http://47.100.106.169/index/" "Mozilla/5.0 (Windows NT 6.1; WOW64) AppleWebKit/537.36 (KHTML, like Gecko) Chrome/69.0.3497.81 Safari/537.36"
157.230.245.184 - - [28/May/2019:14:20:33 +0800] "GET /login/ HTTP/1.1" 200 3861 "http://47.100.106.169/index/" "Mozilla/5.0 (Windows NT 6.1; WOW64) AppleWebKit/537.36 (KHTML, like Gecko) Chrome/69.0.3497.81 Safari/537.36"
157.230.245.184 - - [28/May/2019:14:20:43 +0800] "GET /check_login/?input_date=07171008 HTTP/1.1" 200 26 "http://47.100.106.169/login/" "Mozilla/5.0 (Windows NT 6.1; WOW64) AppleWebKit/537.36 (KHTML, like Gecko) Chrome/69.0.3497.81 Safari/537.36"
157.230.245.184 - - [28/May/2019:14:20:46 +0800] "POST /login/ HTTP/1.1" 200 50 "http://47.100.106.169/login/" "Mozilla/5.0 (Windows NT 6.1; WOW64) AppleWebKit/537.36 (KHTML, like Gecko) Chrome/69.0.3497.81 Safari/537.36"
157.230.245.184 - - [28/May/2019:14:20:46 +0800] "GET /student/23/ HTTP/1.1" 200 7736 "http://47.100.106.169/login/" "Mozilla/5.0 (Windows NT 6.1; WOW64) AppleWebKit/537.36 (KHTML, like Gecko) Chrome/69.0.3497.81 Safari/537.36"
157.230.245.184 - - [28/May/2019:14:21:15 +0800] "POST /student/23/ HTTP/1.1" 200 85 "http://47.100.106.169/student/23/" "Mozilla/5.0 (Windows NT 6.1; WOW64) AppleWebKit/537.36 (KHTML, like Gecko) Chrome/69.0.3497.81 Safari/537.36"
222.91.125.82 - - [28/May/2019:14:22:13 +0800] "GET /student/23/ HTTP/1.1" 200 7736 "http://47.100.106.169/login/" "Mozilla/5.0 (Windows NT 10.0; WOW64) AppleWebKit/537.36 (KHTML, like Gecko) Chrome/74.0.3729.169 Safari/537.36"
222.91.125.82 - - [28/May/2019:14:22:13 +0800] "GET /static/hand_img/timg%20(3).jpg HTTP/1.1" 304 0 "http://47.100.106.169/student/23/" "Mozilla/5.0 (Windows NT 10.0; WOW64) AppleWebKit/537.36 (KHTML, like Gecko) Chrome/74.0.3729.169 Safari/537.36"
222.91.125.82 - - [28/May/2019:14:22:13 +0800] "GET /static/mouth_img/timg%20(4).jpg HTTP/1.1" 304 0 "http://47.100.106.169/student/23/" "Mozilla/5.0 (Windows NT 10.0; WOW64) AppleWebKit/537.36 (KHTML, like Gecko) Chrome/74.0.3729.169 Safari/537.36"
222.91.125.82 - - [28/May/2019:14:22:14 +0800] "GET /student/23/ HTTP/1.1" 200 7736 "http://47.100.106.169/login/" "Mozilla/5.0 (Windows NT 10.0; WOW64) AppleWebKit/537.36 (KHTML, like Gecko) Chrome/74.0.3729.169 Safari/537.36"
157.230.245.184 - - [28/May/2019:14:22:21 +0800] "GET /index/ HTTP/1.1" 200 7496 "-" "Mozilla/5.0 (Windows NT 6.1; WOW64) AppleWebKit/537.36 (KHTML, like Gecko) Chrome/69.0.3497.81 Safari/537.36"
157.230.245.184 - - [28/May/2019:14:22:27 +0800] "GET /login/ HTTP/1.1" 200 3861 "http://47.100.106.169/index/" "Mozilla/5.0 (Windows NT 6.1; WOW64) AppleWebKit/537.36 (KHTML, like Gecko) Chrome/69.0.3497.81 Safari/537.36"
157.230.245.184 - - [28/May/2019:14:22:27 +0800] "GET /static/index_video/chengjian.mp4 HTTP/1.1" 206 535479 "http://47.100.106.169/index/" "Mozilla/5.0 (Windows NT 6.1; WOW64) AppleWebKit/537.36 (KHTML, like Gecko) Chrome/69.0.3497.81 Safari/537.36"
157.230.245.184 - - [28/May/2019:14:22:36 +0800] "GET /check_login/?input_date=06161089 HTTP/1.1" 200 26 "http://47.100.106.169/login/" "Mozilla/5.0 (Windows NT 6.1; WOW64) AppleWebKit/537.36 (KHTML, like Gecko) Chrome/69.0.3497.81 Safari/537.36"
222.91.125.82 - - [28/May/2019:14:22:39 +0800] "POST /student/23/ HTTP/1.1" 200 87 "http://47.100.106.169/student/23/" "Mozilla/5.0 (Windows NT 10.0; WOW64) AppleWebKit/537.36 (KHTML, like Gecko) Chrome/74.0.3729.169 Safari/537.36"
157.230.245.184 - - [28/May/2019:14:22:40 +0800] "POST /login/ HTTP/1.1" 200 39 "http://47.100.106.169/login/" "Mozilla/5.0 (Windows NT 6.1; WOW64) AppleWebKit/537.36 (KHTML, like Gecko) Chrome/69.0.3497.81 Safari/537.36"
222.91.125.82 - - [28/May/2019:14:22:41 +0800] "POST /student/23/ HTTP/1.1" 200 87 "http://47.100.106.169/student/23/" "Mozilla/5.0 (Windows NT 10.0; WOW64) AppleWebKit/537.36 (KHTML, like Gecko) Chrome/74.0.3729.169 Safari/537.36"
157.230.245.184 - - [28/May/2019:14:22:41 +0800] "GET /teacher_page/ HTTP/1.1" 200 8303 "http://47.100.106.169/login/" "Mozilla/5.0 (Windows NT 6.1; WOW64) AppleWebKit/537.36 (KHTML, like Gecko) Chrome/69.0.3497.81 Safari/537.36"
157.230.245.184 - - [28/May/2019:14:22:48 +0800] "GET /teacher/student/detail_list/ HTTP/1.1" 200 3028 "http://47.100.106.169/teacher_page/" "Mozilla/5.0 (Windows NT 6.1; WOW64) AppleWebKit/537.36 (KHTML, like Gecko) Chrome/69.0.3497.81 Safari/537.36"
157.230.245.184 - - [28/May/2019:14:22:52 +0800] "GET /student/23/ HTTP/1.1" 200 5018 "http://47.100.106.169/teacher/student/detail_list/" "Mozilla/5.0 (Windows NT 6.1; WOW64) AppleWebKit/537.36 (KHTML, like Gecko) Chrome/69.0.3497.81 Safari/537.36"
222.91.125.82 - - [28/May/2019:14:23:29 +0800] "GET /logout/ HTTP/1.1" 200 3861 "http://47.100.106.169/student/23/" "Mozilla/5.0 (Windows NT 10.0; WOW64) AppleWebKit/537.36 (KHTML, like Gecko) Chrome/74.0.3729.169 Safari/537.36"
222.91.125.82 - - [28/May/2019:14:23:39 +0800] "GET /check_login/?input_date=06161089 HTTP/1.1" 200 26 "http://47.100.106.169/logout/" "Mozilla/5.0 (Windows NT 10.0; WOW64) AppleWebKit/537.36 (KHTML, like Gecko) Chrome/74.0.3729.169 Safari/537.36"
222.91.125.82 - - [28/May/2019:14:23:43 +0800] "POST /login/ HTTP/1.1" 200 69 "http://47.100.106.169/logout/" "Mozilla/5.0 (Windows NT 10.0; WOW64) AppleWebKit/537.36 (KHTML, like Gecko) Chrome/74.0.3729.169 Safari/537.36"
222.91.125.82 - - [28/May/2019:14:23:47 +0800] "POST /login/ HTTP/1.1" 200 39 "http://47.100.106.169/logout/" "Mozilla/5.0 (Windows NT 10.0; WOW64) AppleWebKit/537.36 (KHTML, like Gecko) Chrome/74.0.3729.169 Safari/537.36"
222.91.125.82 - - [28/May/2019:14:23:47 +0800] "GET /teacher_page/ HTTP/1.1" 200 8303 "http://47.100.106.169/logout/" "Mozilla/5.0 (Windows NT 10.0; WOW64) AppleWebKit/537.36 (KHTML, like Gecko) Chrome/74.0.3729.169 Safari/537.36"
222.91.125.82 - - [28/May/2019:14:23:49 +0800] "GET /teacher/student/detail_list/ HTTP/1.1" 200 3028 "http://47.100.106.169/teacher_page/" "Mozilla/5.0 (Windows NT 10.0; WOW64) AppleWebKit/537.36 (KHTML, like Gecko) Chrome/74.0.3729.169 Safari/537.36"
222.91.125.82 - - [28/May/2019:14:23:51 +0800] "GET /student/23/ HTTP/1.1" 200 5018 "http://47.100.106.169/teacher/student/detail_list/" "Mozilla/5.0 (Windows NT 10.0; WOW64) AppleWebKit/537.36 (KHTML, like Gecko) Chrome/74.0.3729.169 Safari/537.36"
222.91.125.82 - - [28/May/2019:14:23:51 +0800] "GET /static/hand_img/timg%20(3).jpg HTTP/1.1" 304 0 "http://47.100.106.169/student/23/" "Mozilla/5.0 (Windows NT 10.0; WOW64) AppleWebKit/537.36 (KHTML, like Gecko) Chrome/74.0.3729.169 Safari/537.36"
222.91.125.82 - - [28/May/2019:14:23:51 +0800] "GET /static/mouth_img/timg%20(4).jpg HTTP/1.1" 304 0 "http://47.100.106.169/student/23/" "Mozilla/5.0 (Windows NT 10.0; WOW64) AppleWebKit/537.36 (KHTML, like Gecko) Chrome/74.0.3729.169 Safari/537.36"
157.230.245.184 - - [28/May/2019:14:23:58 +0800] "GET /index/ HTTP/1.1" 200 7496 "-" "Mozilla/5.0 (Windows NT 6.1; WOW64) AppleWebKit/537.36 (KHTML, like Gecko) Chrome/69.0.3497.81 Safari/537.36"
157.230.245.184 - - [28/May/2019:14:24:59 +0800] "GET /login/ HTTP/1.1" 200 3861 "-" "Mozilla/5.0 (Windows NT 6.1; WOW64) AppleWebKit/537.36 (KHTML, like Gecko) Chrome/69.0.3497.81 Safari/537.36"
157.230.245.184 - - [28/May/2019:14:25:08 +0800] "GET /check_login/?input_date=07171008 HTTP/1.1" 200 26 "http://47.100.106.169/login/" "Mozilla/5.0 (Windows NT 6.1; WOW64) AppleWebKit/537.36 (KHTML, like Gecko) Chrome/69.0.3497.81 Safari/537.36"
157.230.245.184 - - [28/May/2019:14:25:12 +0800] "POST /login/ HTTP/1.1" 200 50 "http://47.100.106.169/login/" "Mozilla/5.0 (Windows NT 6.1; WOW64) AppleWebKit/537.36 (KHTML, like Gecko) Chrome/69.0.3497.81 Safari/537.36"
157.230.245.184 - - [28/May/2019:14:25:12 +0800] "GET /student/23/ HTTP/1.1" 200 7736 "http://47.100.106.169/login/" "Mozilla/5.0 (Windows NT 6.1; WOW64) AppleWebKit/537.36 (KHTML, like Gecko) Chrome/69.0.3497.81 Safari/537.36"
222.91.125.82 - - [28/May/2019:14:26:55 +0800] "GET /index/ HTTP/1.1" 200 7496 "-" "Mozilla/5.0 (Windows NT 10.0; WOW64) AppleWebKit/537.36 (KHTML, like Gecko) Chrome/74.0.3729.169 Safari/537.36"
222.91.125.82 - - [28/May/2019:14:26:55 +0800] "GET /static/index_video/chengjian.mp4 HTTP/1.1" 206 172004 "http://47.100.106.169/index/" "Mozilla/5.0 (Windows NT 10.0; WOW64) AppleWebKit/537.36 (KHTML, like Gecko) Chrome/74.0.3729.169 Safari/537.36"
222.91.125.82 - - [28/May/2019:14:26:57 +0800] "GET /login/ HTTP/1.1" 200 3861 "http://47.100.106.169/index/" "Mozilla/5.0 (Windows NT 10.0; WOW64) AppleWebKit/537.36 (KHTML, like Gecko) Chrome/74.0.3729.169 Safari/537.36"
222.91.125.82 - - [28/May/2019:14:26:57 +0800] "GET /favicon.ico HTTP/1.1" 404 3206 "http://47.100.106.169/login/" "Mozilla/5.0 (Windows NT 10.0; WOW64) AppleWebKit/537.36 (KHTML, like Gecko) Chrome/74.0.3729.169 Safari/537.36"
222.91.125.82 - - [28/May/2019:14:27:03 +0800] "GET /check_login/?input_date=07171008 HTTP/1.1" 200 26 "http://47.100.106.169/login/" "Mozilla/5.0 (Windows NT 10.0; WOW64) AppleWebKit/537.36 (KHTML, like Gecko) Chrome/74.0.3729.169 Safari/537.36"
222.91.125.82 - - [28/May/2019:14:27:04 +0800] "POST /login/ HTTP/1.1" 200 69 "http://47.100.106.169/login/" "Mozilla/5.0 (Windows NT 10.0; WOW64) AppleWebKit/537.36 (KHTML, like Gecko) Chrome/74.0.3729.169 Safari/537.36"
222.91.125.82 - - [28/May/2019:14:27:06 +0800] "POST /login/ HTTP/1.1" 200 50 "http://47.100.106.169/login/" "Mozilla/5.0 (Windows NT 10.0; WOW64) AppleWebKit/537.36 (KHTML, like Gecko) Chrome/74.0.3729.169 Safari/537.36"
222.91.125.82 - - [28/May/2019:14:27:06 +0800] "GET /student/23/ HTTP/1.1" 200 7736 "http://47.100.106.169/login/" "Mozilla/5.0 (Windows NT 10.0; WOW64) AppleWebKit/537.36 (KHTML, like Gecko) Chrome/74.0.3729.169 Safari/537.36"
222.91.125.82 - - [28/May/2019:14:27:06 +0800] "GET /static/hand_img/timg%20(3).jpg HTTP/1.1" 304 0 "http://47.100.106.169/student/23/" "Mozilla/5.0 (Windows NT 10.0; WOW64) AppleWebKit/537.36 (KHTML, like Gecko) Chrome/74.0.3729.169 Safari/537.36"
222.91.125.82 - - [28/May/2019:14:27:06 +0800] "GET /static/mouth_img/timg%20(4).jpg HTTP/1.1" 304 0 "http://47.100.106.169/student/23/" "Mozilla/5.0 (Windows NT 10.0; WOW64) AppleWebKit/537.36 (KHTML, like Gecko) Chrome/74.0.3729.169 Safari/537.36"
157.230.245.184 - - [28/May/2019:14:27:25 +0800] "GET /index/ HTTP/1.1" 200 7496 "-" "Mozilla/5.0 (Windows NT 6.1; WOW64) AppleWebKit/537.36 (KHTML, like Gecko) Chrome/69.0.3497.81 Safari/537.36"
157.230.245.184 - - [28/May/2019:14:27:36 +0800] "GET /login/ HTTP/1.1" 200 3861 "http://47.100.106.169/index/" "Mozilla/5.0 (Windows NT 6.1; WOW64) AppleWebKit/537.36 (KHTML, like Gecko) Chrome/69.0.3497.81 Safari/537.36"
157.230.245.184 - - [28/May/2019:14:27:49 +0800] "GET /check_login/?input_date=07171008 HTTP/1.1" 200 26 "http://47.100.106.169/login/" "Mozilla/5.0 (Windows NT 6.1; WOW64) AppleWebKit/537.36 (KHTML, like Gecko) Chrome/69.0.3497.81 Safari/537.36"
157.230.245.184 - - [28/May/2019:14:27:53 +0800] "POST /login/ HTTP/1.1" 200 50 "http://47.100.106.169/login/" "Mozilla/5.0 (Windows NT 6.1; WOW64) AppleWebKit/537.36 (KHTML, like Gecko) Chrome/69.0.3497.81 Safari/537.36"
157.230.245.184 - - [28/May/2019:14:27:54 +0800] "GET /student/23/ HTTP/1.1" 200 7736 "http://47.100.106.169/login/" "Mozilla/5.0 (Windows NT 6.1; WOW64) AppleWebKit/537.36 (KHTML, like Gecko) Chrome/69.0.3497.81 Safari/537.36"
222.91.125.82 - - [28/May/2019:14:29:15 +0800] "GET /student/23/ HTTP/1.1" 200 7816 "http://47.100.106.169/login/" "Mozilla/5.0 (Windows NT 10.0; WOW64) AppleWebKit/537.36 (KHTML, like Gecko) Chrome/74.0.3729.169 Safari/537.36"
222.91.125.82 - - [28/May/2019:14:29:15 +0800] "GET /static/hand_img/timg%20(3).jpg HTTP/1.1" 304 0 "http://47.100.106.169/student/23/" "Mozilla/5.0 (Windows NT 10.0; WOW64) AppleWebKit/537.36 (KHTML, like Gecko) Chrome/74.0.3729.169 Safari/537.36"
222.91.125.82 - - [28/May/2019:14:29:15 +0800] "GET /static/mouth_img/timg%20(4).jpg HTTP/1.1" 304 0 "http://47.100.106.169/student/23/" "Mozilla/5.0 (Windows NT 10.0; WOW64) AppleWebKit/537.36 (KHTML, like Gecko) Chrome/74.0.3729.169 Safari/537.36"
222.91.125.82 - - [28/May/2019:14:29:16 +0800] "GET /student/23/ HTTP/1.1" 200 7816 "http://47.100.106.169/login/" "Mozilla/5.0 (Windows NT 10.0; WOW64) AppleWebKit/537.36 (KHTML, like Gecko) Chrome/74.0.3729.169 Safari/537.36"
222.91.125.82 - - [28/May/2019:14:30:41 +0800] "GET /student/23/ HTTP/1.1" 200 7820 "http://47.100.106.169/login/" "Mozilla/5.0 (Windows NT 10.0; WOW64) AppleWebKit/537.36 (KHTML, like Gecko) Chrome/74.0.3729.169 Safari/537.36"
222.91.125.82 - - [28/May/2019:14:30:41 +0800] "GET /student/23/ HTTP/1.1" 200 7820 "http://47.100.106.169/login/" "Mozilla/5.0 (Windows NT 10.0; WOW64) AppleWebKit/537.36 (KHTML, like Gecko) Chrome/74.0.3729.169 Safari/537.36"
157.230.245.184 - - [28/May/2019:14:31:43 +0800] "GET /index HTTP/1.1" 301 0 "-" "Mozilla/5.0 (Windows NT 6.1; WOW64) AppleWebKit/537.36 (KHTML, like Gecko) Chrome/69.0.3497.81 Safari/537.36"
157.230.245.184 - - [28/May/2019:14:31:54 +0800] "GET /index HTTP/1.1" 301 0 "-" "Mozilla/5.0 (Windows NT 6.1; WOW64) AppleWebKit/537.36 (KHTML, like Gecko) Chrome/69.0.3497.81 Safari/537.36"
157.230.245.184 - - [28/May/2019:14:31:59 +0800] "GET /index/ HTTP/1.1" 200 7496 "-" "Mozilla/5.0 (Windows NT 6.1; WOW64) AppleWebKit/537.36 (KHTML, like Gecko) Chrome/69.0.3497.81 Safari/537.36"
157.230.245.184 - - [28/May/2019:14:32:06 +0800] "GET /static/fontawesome/css/font-awesome.min.css HTTP/1.1" 200 32422 "http://47.100.106.169/index/" "Mozilla/5.0 (Windows NT 6.1; WOW64) AppleWebKit/537.36 (KHTML, like Gecko) Chrome/69.0.3497.81 Safari/537.36"
157.230.245.184 - - [28/May/2019:14:32:08 +0800] "GET /static/mystyle.css HTTP/1.1" 200 2572 "http://47.100.106.169/index/" "Mozilla/5.0 (Windows NT 6.1; WOW64) AppleWebKit/537.36 (KHTML, like Gecko) Chrome/69.0.3497.81 Safari/537.36"
157.230.245.184 - - [28/May/2019:14:32:08 +0800] "GET /static/index_img/lunbo1.jpg HTTP/1.1" 200 10253 "http://47.100.106.169/index/" "Mozilla/5.0 (Windows NT 6.1; WOW64) AppleWebKit/537.36 (KHTML, like Gecko) Chrome/69.0.3497.81 Safari/537.36"
157.230.245.184 - - [28/May/2019:14:32:11 +0800] "GET /static/index_img/xiaohui.jpg HTTP/1.1" 200 420874 "http://47.100.106.169/index/" "Mozilla/5.0 (Windows NT 6.1; WOW64) AppleWebKit/537.36 (KHTML, like Gecko) Chrome/69.0.3497.81 Safari/537.36"
157.230.245.184 - - [28/May/2019:14:32:20 +0800] "GET /index/ HTTP/1.1" 200 7496 "-" "Mozilla/5.0 (Windows NT 6.1; WOW64) AppleWebKit/537.36 (KHTML, like Gecko) Chrome/69.0.3497.81 Safari/537.36"
157.230.245.184 - - [28/May/2019:14:32:25 +0800] "GET /static/index_img/lunbo2.jpg HTTP/1.1" 200 19912 "http://47.100.106.169/index/" "Mozilla/5.0 (Windows NT 6.1; WOW64) AppleWebKit/537.36 (KHTML, like Gecko) Chrome/69.0.3497.81 Safari/537.36"
157.230.245.184 - - [28/May/2019:14:32:33 +0800] "GET /static/index_img/xiaohui.jpg HTTP/1.1" 206 1 "http://47.100.106.169/index/" "Mozilla/5.0 (Windows NT 6.1; WOW64) AppleWebKit/537.36 (KHTML, like Gecko) Chrome/69.0.3497.81 Safari/537.36"
157.230.245.184 - - [28/May/2019:14:32:36 +0800] "GET /static/mystyle.css HTTP/1.1" 200 2572 "http://47.100.106.169/index/" "Mozilla/5.0 (Windows NT 6.1; WOW64) AppleWebKit/537.36 (KHTML, like Gecko) Chrome/69.0.3497.81 Safari/537.36"
157.230.245.184 - - [28/May/2019:14:32:36 +0800] "GET /static/index_img/lunbo2.jpg HTTP/1.1" 200 19912 "http://47.100.106.169/index/" "Mozilla/5.0 (Windows NT 6.1; WOW64) AppleWebKit/537.36 (KHTML, like Gecko) Chrome/69.0.3497.81 Safari/537.36"
157.230.245.184 - - [28/May/2019:14:32:57 +0800] "GET /static/index_img/xiaohui.jpg HTTP/1.1" 206 152919 "http://47.100.106.169/index/" "Mozilla/5.0 (Windows NT 6.1; WOW64) AppleWebKit/537.36 (KHTML, like Gecko) Chrome/69.0.3497.81 Safari/537.36"
157.230.245.184 - - [28/May/2019:14:33:01 +0800] "GET /static/index_img/lunbo3.jpg HTTP/1.1" 200 12653 "http://47.100.106.169/index/" "Mozilla/5.0 (Windows NT 6.1; WOW64) AppleWebKit/537.36 (KHTML, like Gecko) Chrome/69.0.3497.81 Safari/537.36"
157.230.245.184 - - [28/May/2019:14:33:05 +0800] "GET /static/index_img/xiyou.png HTTP/1.1" 200 103593 "http://47.100.106.169/index/" "Mozilla/5.0 (Windows NT 6.1; WOW64) AppleWebKit/537.36 (KHTML, like Gecko) Chrome/69.0.3497.81 Safari/537.36"
157.230.245.184 - - [28/May/2019:14:33:05 +0800] "GET /static/index_img/chengjian.jpg HTTP/1.1" 200 73705 "http://47.100.106.169/index/" "Mozilla/5.0 (Windows NT 6.1; WOW64) AppleWebKit/537.36 (KHTML, like Gecko) Chrome/69.0.3497.81 Safari/537.36"
157.230.245.184 - - [28/May/2019:14:33:06 +0800] "GET /static/index_img/app.png HTTP/1.1" 200 67929 "http://47.100.106.169/index/" "Mozilla/5.0 (Windows NT 6.1; WOW64) AppleWebKit/537.36 (KHTML, like Gecko) Chrome/69.0.3497.81 Safari/537.36"
157.230.245.184 - - [28/May/2019:14:33:08 +0800] "GET /static/index_img/index.jpg HTTP/1.1" 200 256911 "http://47.100.106.169/index/" "Mozilla/5.0 (Windows NT 6.1; WOW64) AppleWebKit/537.36 (KHTML, like Gecko) Chrome/69.0.3497.81 Safari/537.36"
222.91.125.82 - - [28/May/2019:14:33:48 +0800] "GET /index/ HTTP/1.1" 200 7496 "-" "Mozilla/5.0 (Windows NT 10.0; WOW64) AppleWebKit/537.36 (KHTML, like Gecko) Chrome/74.0.3729.169 Safari/537.36"
222.91.125.82 - - [28/May/2019:14:33:48 +0800] "GET /static/index_video/chengjian.mp4 HTTP/1.1" 206 190984 "http://47.100.106.169/index/" "Mozilla/5.0 (Windows NT 10.0; WOW64) AppleWebKit/537.36 (KHTML, like Gecko) Chrome/74.0.3729.169 Safari/537.36"
222.91.125.82 - - [28/May/2019:14:33:52 +0800] "GET /favicon.ico HTTP/1.1" 404 3206 "http://47.100.106.169/index/" "Mozilla/5.0 (Windows NT 10.0; WOW64) AppleWebKit/537.36 (KHTML, like Gecko) Chrome/74.0.3729.169 Safari/537.36"
222.91.125.82 - - [28/May/2019:14:34:28 +0800] "GET /index/ HTTP/1.1" 200 7496 "-" "Mozilla/5.0 (Windows NT 10.0; WOW64) AppleWebKit/537.36 (KHTML, like Gecko) Chrome/74.0.3729.169 Safari/537.36"
222.91.125.82 - - [28/May/2019:14:34:35 +0800] "GET /admin HTTP/1.1" 301 0 "-" "Mozilla/5.0 (Windows NT 10.0; WOW64) AppleWebKit/537.36 (KHTML, like Gecko) Chrome/74.0.3729.169 Safari/537.36"
222.91.125.82 - - [28/May/2019:14:34:35 +0800] "GET /admin/ HTTP/1.1" 302 0 "-" "Mozilla/5.0 (Windows NT 10.0; WOW64) AppleWebKit/537.36 (KHTML, like Gecko) Chrome/74.0.3729.169 Safari/537.36"
222.91.125.82 - - [28/May/2019:14:34:35 +0800] "GET /admin/login/?next=/admin/ HTTP/1.1" 200 1650 "-" "Mozilla/5.0 (Windows NT 10.0; WOW64) AppleWebKit/537.36 (KHTML, like Gecko) Chrome/74.0.3729.169 Safari/537.36"
222.91.125.82 - - [28/May/2019:14:34:35 +0800] "GET /static/admin/css/base.css HTTP/1.1" 404 571 "http://47.100.106.169/admin/login/?next=/admin/" "Mozilla/5.0 (Windows NT 10.0; WOW64) AppleWebKit/537.36 (KHTML, like Gecko) Chrome/74.0.3729.169 Safari/537.36"
222.91.125.82 - - [28/May/2019:14:34:35 +0800] "GET /static/admin/css/login.css HTTP/1.1" 404 571 "http://47.100.106.169/admin/login/?next=/admin/" "Mozilla/5.0 (Windows NT 10.0; WOW64) AppleWebKit/537.36 (KHTML, like Gecko) Chrome/74.0.3729.169 Safari/537.36"
222.91.125.82 - - [28/May/2019:14:34:55 +0800] "POST /admin/login/?next=/admin/ HTTP/1.1" 302 0 "http://47.100.106.169/admin/login/?next=/admin/" "Mozilla/5.0 (Windows NT 10.0; WOW64) AppleWebKit/537.36 (KHTML, like Gecko) Chrome/74.0.3729.169 Safari/537.36"
222.91.125.82 - - [28/May/2019:14:34:56 +0800] "GET /admin/ HTTP/1.1" 200 8766 "http://47.100.106.169/admin/login/?next=/admin/" "Mozilla/5.0 (Windows NT 10.0; WOW64) AppleWebKit/537.36 (KHTML, like Gecko) Chrome/74.0.3729.169 Safari/537.36"
222.91.125.82 - - [28/May/2019:14:34:56 +0800] "GET /static/admin/css/dashboard.css HTTP/1.1" 404 571 "http://47.100.106.169/admin/" "Mozilla/5.0 (Windows NT 10.0; WOW64) AppleWebKit/537.36 (KHTML, like Gecko) Chrome/74.0.3729.169 Safari/537.36"
222.91.125.82 - - [28/May/2019:14:34:56 +0800] "GET /static/admin/css/base.css HTTP/1.1" 404 571 "http://47.100.106.169/admin/" "Mozilla/5.0 (Windows NT 10.0; WOW64) AppleWebKit/537.36 (KHTML, like Gecko) Chrome/74.0.3729.169 Safari/537.36"
157.230.245.184 - - [28/May/2019:14:35:06 +0800] "GET /static/index_video/chengjian.mp4 HTTP/1.1" 206 390684 "http://47.100.106.169/index/" "Mozilla/5.0 (Windows NT 6.1; WOW64) AppleWebKit/537.36 (KHTML, like Gecko) Chrome/69.0.3497.81 Safari/537.36"
157.230.245.184 - - [28/May/2019:14:35:14 +0800] "GET /index/ HTTP/1.1" 200 7496 "-" "Mozilla/5.0 (Windows NT 6.1; WOW64) AppleWebKit/537.36 (KHTML, like Gecko) Chrome/69.0.3497.81 Safari/537.36"
157.230.245.184 - - [28/May/2019:14:35:16 +0800] "GET /static/index_img/index.jpg HTTP/1.1" 206 1 "http://47.100.106.169/index/" "Mozilla/5.0 (Windows NT 6.1; WOW64) AppleWebKit/537.36 (KHTML, like Gecko) Chrome/69.0.3497.81 Safari/537.36"
157.230.245.184 - - [28/May/2019:14:35:17 +0800] "GET /static/index_img/index.jpg HTTP/1.1" 206 58814 "http://47.100.106.169/index/" "Mozilla/5.0 (Windows NT 6.1; WOW64) AppleWebKit/537.36 (KHTML, like Gecko) Chrome/69.0.3497.81 Safari/537.36"
157.230.245.184 - - [28/May/2019:14:35:18 +0800] "GET /static/index_video/chengjian.mp4 HTTP/1.1" 206 419644 "http://47.100.106.169/index/" "Mozilla/5.0 (Windows NT 6.1; WOW64) AppleWebKit/537.36 (KHTML, like Gecko) Chrome/69.0.3497.81 Safari/537.36"
157.230.245.184 - - [28/May/2019:14:35:19 +0800] "GET /favicon.ico HTTP/1.1" 200 18 "http://47.100.106.169/index/" "Mozilla/5.0 (Windows NT 6.1; WOW64) AppleWebKit/537.36 (KHTML, like Gecko) Chrome/69.0.3497.81 Safari/537.36"
157.230.245.184 - - [28/May/2019:14:35:19 +0800] "GET /static/index_video/chengjian.mp4 HTTP/1.1" 206 124239 "http://47.100.106.169/index/" "Mozilla/5.0 (Windows NT 6.1; WOW64) AppleWebKit/537.36 (KHTML, like Gecko) Chrome/69.0.3497.81 Safari/537.36"
222.91.125.82 - - [28/May/2019:14:35:23 +0800] "GET /admin/show/sign/5/change/ HTTP/1.1" 200 7344 "http://47.100.106.169/admin/" "Mozilla/5.0 (Windows NT 10.0; WOW64) AppleWebKit/537.36 (KHTML, like Gecko) Chrome/74.0.3729.169 Safari/537.36"
222.91.125.82 - - [28/May/2019:14:35:23 +0800] "GET /static/admin/css/base.css HTTP/1.1" 404 571 "http://47.100.106.169/admin/show/sign/5/change/" "Mozilla/5.0 (Windows NT 10.0; WOW64) AppleWebKit/537.36 (KHTML, like Gecko) Chrome/74.0.3729.169 Safari/537.36"
222.91.125.82 - - [28/May/2019:14:35:23 +0800] "GET /static/admin/css/forms.css HTTP/1.1" 404 571 "http://47.100.106.169/admin/show/sign/5/change/" "Mozilla/5.0 (Windows NT 10.0; WOW64) AppleWebKit/537.36 (KHTML, like Gecko) Chrome/74.0.3729.169 Safari/537.36"
222.91.125.82 - - [28/May/2019:14:35:23 +0800] "GET /static/admin/js/core.js HTTP/1.1" 404 571 "http://47.100.106.169/admin/show/sign/5/change/" "Mozilla/5.0 (Windows NT 10.0; WOW64) AppleWebKit/537.36 (KHTML, like Gecko) Chrome/74.0.3729.169 Safari/537.36"
222.91.125.82 - - [28/May/2019:14:35:23 +0800] "GET /static/admin/js/vendor/jquery/jquery.js HTTP/1.1" 404 571 "http://47.100.106.169/admin/show/sign/5/change/" "Mozilla/5.0 (Windows NT 10.0; WOW64) AppleWebKit/537.36 (KHTML, like Gecko) Chrome/74.0.3729.169 Safari/537.36"
222.91.125.82 - - [28/May/2019:14:35:23 +0800] "GET /static/admin/js/jquery.init.js HTTP/1.1" 404 571 "http://47.100.106.169/admin/show/sign/5/change/" "Mozilla/5.0 (Windows NT 10.0; WOW64) AppleWebKit/537.36 (KHTML, like Gecko) Chrome/74.0.3729.169 Safari/537.36"
222.91.125.82 - - [28/May/2019:14:35:23 +0800] "GET /admin/jsi18n/ HTTP/1.1" 200 3189 "http://47.100.106.169/admin/show/sign/5/change/" "Mozilla/5.0 (Windows NT 10.0; WOW64) AppleWebKit/537.36 (KHTML, like Gecko) Chrome/74.0.3729.169 Safari/537.36"
222.91.125.82 - - [28/May/2019:14:35:23 +0800] "GET /static/admin/js/admin/RelatedObjectLookups.js HTTP/1.1" 404 571 "http://47.100.106.169/admin/show/sign/5/change/" "Mozilla/5.0 (Windows NT 10.0; WOW64) AppleWebKit/537.36 (KHTML, like Gecko) Chrome/74.0.3729.169 Safari/537.36"
222.91.125.82 - - [28/May/2019:14:35:23 +0800] "GET /static/admin/js/actions.js HTTP/1.1" 404 571 "http://47.100.106.169/admin/show/sign/5/change/" "Mozilla/5.0 (Windows NT 10.0; WOW64) AppleWebKit/537.36 (KHTML, like Gecko) Chrome/74.0.3729.169 Safari/537.36"
222.91.125.82 - - [28/May/2019:14:35:23 +0800] "GET /static/admin/js/urlify.js HTTP/1.1" 404 571 "http://47.100.106.169/admin/show/sign/5/change/" "Mozilla/5.0 (Windows NT 10.0; WOW64) AppleWebKit/537.36 (KHTML, like Gecko) Chrome/74.0.3729.169 Safari/537.36"
222.91.125.82 - - [28/May/2019:14:35:23 +0800] "GET /static/admin/js/prepopulate.js HTTP/1.1" 404 571 "http://47.100.106.169/admin/show/sign/5/change/" "Mozilla/5.0 (Windows NT 10.0; WOW64) AppleWebKit/537.36 (KHTML, like Gecko) Chrome/74.0.3729.169 Safari/537.36"
222.91.125.82 - - [28/May/2019:14:35:23 +0800] "GET /static/admin/js/vendor/xregexp/xregexp.js HTTP/1.1" 404 571 "http://47.100.106.169/admin/show/sign/5/change/" "Mozilla/5.0 (Windows NT 10.0; WOW64) AppleWebKit/537.36 (KHTML, like Gecko) Chrome/74.0.3729.169 Safari/537.36"
222.91.125.82 - - [28/May/2019:14:35:23 +0800] "GET /static/admin/js/change_form.js HTTP/1.1" 404 571 "http://47.100.106.169/admin/show/sign/5/change/" "Mozilla/5.0 (Windows NT 10.0; WOW64) AppleWebKit/537.36 (KHTML, like Gecko) Chrome/74.0.3729.169 Safari/537.36"
222.91.125.82 - - [28/May/2019:14:35:23 +0800] "GET /static/admin/img/icon-addlink.svg HTTP/1.1" 404 571 "http://47.100.106.169/admin/show/sign/5/change/" "Mozilla/5.0 (Windows NT 10.0; WOW64) AppleWebKit/537.36 (KHTML, like Gecko) Chrome/74.0.3729.169 Safari/537.36"
222.91.125.82 - - [28/May/2019:14:35:23 +0800] "GET /static/admin/js/core.js HTTP/1.1" 404 571 "http://47.100.106.169/admin/show/sign/5/change/" "Mozilla/5.0 (Windows NT 10.0; WOW64) AppleWebKit/537.36 (KHTML, like Gecko) Chrome/74.0.3729.169 Safari/537.36"
222.91.125.82 - - [28/May/2019:14:35:23 +0800] "GET /static/admin/js/prepopulate_init.js HTTP/1.1" 404 571 "http://47.100.106.169/admin/show/sign/5/change/" "Mozilla/5.0 (Windows NT 10.0; WOW64) AppleWebKit/537.36 (KHTML, like Gecko) Chrome/74.0.3729.169 Safari/537.36"
222.91.125.82 - - [28/May/2019:14:35:23 +0800] "GET /static/admin/js/vendor/jquery/jquery.js HTTP/1.1" 404 571 "http://47.100.106.169/admin/show/sign/5/change/" "Mozilla/5.0 (Windows NT 10.0; WOW64) AppleWebKit/537.36 (KHTML, like Gecko) Chrome/74.0.3729.169 Safari/537.36"
222.91.125.82 - - [28/May/2019:14:35:23 +0800] "GET /static/admin/js/jquery.init.js HTTP/1.1" 404 571 "http://47.100.106.169/admin/show/sign/5/change/" "Mozilla/5.0 (Windows NT 10.0; WOW64) AppleWebKit/537.36 (KHTML, like Gecko) Chrome/74.0.3729.169 Safari/537.36"
222.91.125.82 - - [28/May/2019:14:35:23 +0800] "GET /static/admin/js/admin/RelatedObjectLookups.js HTTP/1.1" 404 571 "http://47.100.106.169/admin/show/sign/5/change/" "Mozilla/5.0 (Windows NT 10.0; WOW64) AppleWebKit/537.36 (KHTML, like Gecko) Chrome/74.0.3729.169 Safari/537.36"
222.91.125.82 - - [28/May/2019:14:35:23 +0800] "GET /static/admin/js/actions.js HTTP/1.1" 404 571 "http://47.100.106.169/admin/show/sign/5/change/" "Mozilla/5.0 (Windows NT 10.0; WOW64) AppleWebKit/537.36 (KHTML, like Gecko) Chrome/74.0.3729.169 Safari/537.36"
222.91.125.82 - - [28/May/2019:14:35:24 +0800] "GET /static/admin/js/urlify.js HTTP/1.1" 404 571 "http://47.100.106.169/admin/show/sign/5/change/" "Mozilla/5.0 (Windows NT 10.0; WOW64) AppleWebKit/537.36 (KHTML, like Gecko) Chrome/74.0.3729.169 Safari/537.36"
222.91.125.82 - - [28/May/2019:14:35:24 +0800] "GET /static/admin/js/prepopulate.js HTTP/1.1" 404 571 "http://47.100.106.169/admin/show/sign/5/change/" "Mozilla/5.0 (Windows NT 10.0; WOW64) AppleWebKit/537.36 (KHTML, like Gecko) Chrome/74.0.3729.169 Safari/537.36"
222.91.125.82 - - [28/May/2019:14:35:24 +0800] "GET /static/admin/js/vendor/xregexp/xregexp.js HTTP/1.1" 404 571 "http://47.100.106.169/admin/show/sign/5/change/" "Mozilla/5.0 (Windows NT 10.0; WOW64) AppleWebKit/537.36 (KHTML, like Gecko) Chrome/74.0.3729.169 Safari/537.36"
222.91.125.82 - - [28/May/2019:14:35:24 +0800] "GET /static/admin/js/change_form.js HTTP/1.1" 404 571 "http://47.100.106.169/admin/show/sign/5/change/" "Mozilla/5.0 (Windows NT 10.0; WOW64) AppleWebKit/537.36 (KHTML, like Gecko) Chrome/74.0.3729.169 Safari/537.36"
80.82.70.187 - - [28/May/2019:14:35:24 +0800] "GET http://www.baidu.com/cache/global/img/gs.gif HTTP/1.1" 200 18 "-" "Mozilla"
222.91.125.82 - - [28/May/2019:14:35:24 +0800] "GET /static/admin/js/prepopulate_init.js HTTP/1.1" 404 571 "http://47.100.106.169/admin/show/sign/5/change/" "Mozilla/5.0 (Windows NT 10.0; WOW64) AppleWebKit/537.36 (KHTML, like Gecko) Chrome/74.0.3729.169 Safari/537.36"
157.230.245.184 - - [28/May/2019:14:35:31 +0800] "GET /login/ HTTP/1.1" 200 3861 "http://47.100.106.169/index/" "Mozilla/5.0 (Windows NT 6.1; WOW64) AppleWebKit/537.36 (KHTML, like Gecko) Chrome/69.0.3497.81 Safari/537.36"
157.230.245.184 - - [28/May/2019:14:35:32 +0800] "GET /static/index_video/chengjian.mp4 HTTP/1.1" 206 854040 "http://47.100.106.169/index/" "Mozilla/5.0 (Windows NT 6.1; WOW64) AppleWebKit/537.36 (KHTML, like Gecko) Chrome/69.0.3497.81 Safari/537.36"
157.230.245.184 - - [28/May/2019:14:35:32 +0800] "GET /static/bootstrap-3.3.7-dist/js/bootstrap.min.js HTTP/1.1" 200 37045 "http://47.100.106.169/login/" "Mozilla/5.0 (Windows NT 6.1; WOW64) AppleWebKit/537.36 (KHTML, like Gecko) Chrome/69.0.3497.81 Safari/537.36"
157.230.245.184 - - [28/May/2019:14:35:32 +0800] "GET /static/bootstrap-3.3.7-dist/css/bootstrap.min.css HTTP/1.1" 200 121200 "http://47.100.106.169/login/" "Mozilla/5.0 (Windows NT 6.1; WOW64) AppleWebKit/537.36 (KHTML, like Gecko) Chrome/69.0.3497.81 Safari/537.36"
157.230.245.184 - - [28/May/2019:14:35:33 +0800] "GET /static/jquery-3.2.1.min.js HTTP/1.1" 200 86659 "http://47.100.106.169/login/" "Mozilla/5.0 (Windows NT 6.1; WOW64) AppleWebKit/537.36 (KHTML, like Gecko) Chrome/69.0.3497.81 Safari/537.36"
157.230.245.184 - - [28/May/2019:14:35:35 +0800] "GET /static/chengjian_img/338905-106.jpg HTTP/1.1" 200 367095 "http://47.100.106.169/login/" "Mozilla/5.0 (Windows NT 6.1; WOW64) AppleWebKit/537.36 (KHTML, like Gecko) Chrome/69.0.3497.81 Safari/537.36"
157.230.245.184 - - [28/May/2019:14:35:39 +0800] "GET /favicon.ico HTTP/1.1" 200 18 "http://47.100.106.169/login/" "Mozilla/5.0 (Windows NT 6.1; WOW64) AppleWebKit/537.36 (KHTML, like Gecko) Chrome/69.0.3497.81 Safari/537.36"
222.91.125.82 - - [28/May/2019:14:35:41 +0800] "GET /admin/ HTTP/1.1" 200 8766 "http://47.100.106.169/admin/login/?next=/admin/" "Mozilla/5.0 (Windows NT 10.0; WOW64) AppleWebKit/537.36 (KHTML, like Gecko) Chrome/74.0.3729.169 Safari/537.36"
157.230.245.184 - - [28/May/2019:14:35:44 +0800] "GET /check_login/?input_date=07171008 HTTP/1.1" 200 26 "http://47.100.106.169/login/" "Mozilla/5.0 (Windows NT 6.1; WOW64) AppleWebKit/537.36 (KHTML, like Gecko) Chrome/69.0.3497.81 Safari/537.36"
157.230.245.184 - - [28/May/2019:14:35:47 +0800] "POST /login/ HTTP/1.1" 200 50 "http://47.100.106.169/login/" "Mozilla/5.0 (Windows NT 6.1; WOW64) AppleWebKit/537.36 (KHTML, like Gecko) Chrome/69.0.3497.81 Safari/537.36"
157.230.245.184 - - [28/May/2019:14:35:48 +0800] "GET /student/23/ HTTP/1.1" 200 7820 "http://47.100.106.169/login/" "Mozilla/5.0 (Windows NT 6.1; WOW64) AppleWebKit/537.36 (KHTML, like Gecko) Chrome/69.0.3497.81 Safari/537.36"
157.230.245.184 - - [28/May/2019:14:35:48 +0800] "GET /static/student_page_tag/timg.jpg HTTP/1.1" 200 54034 "http://47.100.106.169/student/23/" "Mozilla/5.0 (Windows NT 6.1; WOW64) AppleWebKit/537.36 (KHTML, like Gecko) Chrome/69.0.3497.81 Safari/537.36"
157.230.245.184 - - [28/May/2019:14:35:49 +0800] "GET /static/student_page_tag/timg%20(1).jpg HTTP/1.1" 200 34503 "http://47.100.106.169/student/23/" "Mozilla/5.0 (Windows NT 6.1; WOW64) AppleWebKit/537.36 (KHTML, like Gecko) Chrome/69.0.3497.81 Safari/537.36"
157.230.245.184 - - [28/May/2019:14:35:49 +0800] "GET /static/student_page_tag/timg%20(2).jpg HTTP/1.1" 200 19371 "http://47.100.106.169/student/23/" "Mozilla/5.0 (Windows NT 6.1; WOW64) AppleWebKit/537.36 (KHTML, like Gecko) Chrome/69.0.3497.81 Safari/537.36"
157.230.245.184 - - [28/May/2019:14:35:49 +0800] "GET /static/student_page_tag/u%3D3518659575%2C180584971%26fm%3D26%26gp%3D0.jpg HTTP/1.1" 200 41464 "http://47.100.106.169/student/23/" "Mozilla/5.0 (Windows NT 6.1; WOW64) AppleWebKit/537.36 (KHTML, like Gecko) Chrome/69.0.3497.81 Safari/537.36"
157.230.245.184 - - [28/May/2019:14:35:50 +0800] "GET /static/hand_img/timg%20(3).jpg HTTP/1.1" 200 112439 "http://47.100.106.169/student/23/" "Mozilla/5.0 (Windows NT 6.1; WOW64) AppleWebKit/537.36 (KHTML, like Gecko) Chrome/69.0.3497.81 Safari/537.36"
157.230.245.184 - - [28/May/2019:14:35:50 +0800] "GET /static/mouth_img/timg%20(4).jpg HTTP/1.1" 200 116996 "http://47.100.106.169/student/23/" "Mozilla/5.0 (Windows NT 6.1; WOW64) AppleWebKit/537.36 (KHTML, like Gecko) Chrome/69.0.3497.81 Safari/537.36"
157.230.245.184 - - [28/May/2019:14:35:50 +0800] "GET /static/chengjian_img/timg.jpg HTTP/1.1" 200 27244 "http://47.100.106.169/student/23/" "Mozilla/5.0 (Windows NT 6.1; WOW64) AppleWebKit/537.36 (KHTML, like Gecko) Chrome/69.0.3497.81 Safari/537.36"
157.230.245.184 - - [28/May/2019:14:35:52 +0800] "GET /favicon.ico HTTP/1.1" 404 3206 "http://47.100.106.169/student/23/" "Mozilla/5.0 (Windows NT 6.1; WOW64) AppleWebKit/537.36 (KHTML, like Gecko) Chrome/69.0.3497.81 Safari/537.36"
222.91.125.82 - - [28/May/2019:14:35:53 +0800] "GET /admin/show/account/ HTTP/1.1" 200 6187 "http://47.100.106.169/admin/" "Mozilla/5.0 (Windows NT 10.0; WOW64) AppleWebKit/537.36 (KHTML, like Gecko) Chrome/74.0.3729.169 Safari/537.36"
222.91.125.82 - - [28/May/2019:14:35:54 +0800] "GET /static/admin/css/base.css HTTP/1.1" 404 571 "http://47.100.106.169/admin/show/account/" "Mozilla/5.0 (Windows NT 10.0; WOW64) AppleWebKit/537.36 (KHTML, like Gecko) Chrome/74.0.3729.169 Safari/537.36"
222.91.125.82 - - [28/May/2019:14:35:54 +0800] "GET /static/admin/css/changelists.css HTTP/1.1" 404 571 "http://47.100.106.169/admin/show/account/" "Mozilla/5.0 (Windows NT 10.0; WOW64) AppleWebKit/537.36 (KHTML, like Gecko) Chrome/74.0.3729.169 Safari/537.36"
222.91.125.82 - - [28/May/2019:14:35:54 +0800] "GET /static/admin/js/core.js HTTP/1.1" 404 571 "http://47.100.106.169/admin/show/account/" "Mozilla/5.0 (Windows NT 10.0; WOW64) AppleWebKit/537.36 (KHTML, like Gecko) Chrome/74.0.3729.169 Safari/537.36"
222.91.125.82 - - [28/May/2019:14:35:54 +0800] "GET /admin/jsi18n/ HTTP/1.1" 200 3189 "http://47.100.106.169/admin/show/account/" "Mozilla/5.0 (Windows NT 10.0; WOW64) AppleWebKit/537.36 (KHTML, like Gecko) Chrome/74.0.3729.169 Safari/537.36"
222.91.125.82 - - [28/May/2019:14:35:54 +0800] "GET /static/admin/js/vendor/jquery/jquery.js HTTP/1.1" 404 571 "http://47.100.106.169/admin/show/account/" "Mozilla/5.0 (Windows NT 10.0; WOW64) AppleWebKit/537.36 (KHTML, like Gecko) Chrome/74.0.3729.169 Safari/537.36"
222.91.125.82 - - [28/May/2019:14:35:54 +0800] "GET /static/admin/js/jquery.init.js HTTP/1.1" 404 571 "http://47.100.106.169/admin/show/account/" "Mozilla/5.0 (Windows NT 10.0; WOW64) AppleWebKit/537.36 (KHTML, like Gecko) Chrome/74.0.3729.169 Safari/537.36"
222.91.125.82 - - [28/May/2019:14:35:54 +0800] "GET /static/admin/js/admin/RelatedObjectLookups.js HTTP/1.1" 404 571 "http://47.100.106.169/admin/show/account/" "Mozilla/5.0 (Windows NT 10.0; WOW64) AppleWebKit/537.36 (KHTML, like Gecko) Chrome/74.0.3729.169 Safari/537.36"
222.91.125.82 - - [28/May/2019:14:35:54 +0800] "GET /static/admin/js/actions.js HTTP/1.1" 404 571 "http://47.100.106.169/admin/show/account/" "Mozilla/5.0 (Windows NT 10.0; WOW64) AppleWebKit/537.36 (KHTML, like Gecko) Chrome/74.0.3729.169 Safari/537.36"
222.91.125.82 - - [28/May/2019:14:35:54 +0800] "GET /static/admin/js/urlify.js HTTP/1.1" 404 571 "http://47.100.106.169/admin/show/account/" "Mozilla/5.0 (Windows NT 10.0; WOW64) AppleWebKit/537.36 (KHTML, like Gecko) Chrome/74.0.3729.169 Safari/537.36"
222.91.125.82 - - [28/May/2019:14:35:54 +0800] "GET /static/admin/js/prepopulate.js HTTP/1.1" 404 571 "http://47.100.106.169/admin/show/account/" "Mozilla/5.0 (Windows NT 10.0; WOW64) AppleWebKit/537.36 (KHTML, like Gecko) Chrome/74.0.3729.169 Safari/537.36"
222.91.125.82 - - [28/May/2019:14:35:54 +0800] "GET /static/admin/js/vendor/xregexp/xregexp.js HTTP/1.1" 404 571 "http://47.100.106.169/admin/show/account/" "Mozilla/5.0 (Windows NT 10.0; WOW64) AppleWebKit/537.36 (KHTML, like Gecko) Chrome/74.0.3729.169 Safari/537.36"
222.91.125.82 - - [28/May/2019:14:35:54 +0800] "GET /static/admin/js/core.js HTTP/1.1" 404 571 "http://47.100.106.169/admin/show/account/" "Mozilla/5.0 (Windows NT 10.0; WOW64) AppleWebKit/537.36 (KHTML, like Gecko) Chrome/74.0.3729.169 Safari/537.36"
222.91.125.82 - - [28/May/2019:14:35:54 +0800] "GET /static/admin/js/vendor/jquery/jquery.js HTTP/1.1" 404 571 "http://47.100.106.169/admin/show/account/" "Mozilla/5.0 (Windows NT 10.0; WOW64) AppleWebKit/537.36 (KHTML, like Gecko) Chrome/74.0.3729.169 Safari/537.36"
222.91.125.82 - - [28/May/2019:14:35:54 +0800] "GET /static/admin/js/jquery.init.js HTTP/1.1" 404 571 "http://47.100.106.169/admin/show/account/" "Mozilla/5.0 (Windows NT 10.0; WOW64) AppleWebKit/537.36 (KHTML, like Gecko) Chrome/74.0.3729.169 Safari/537.36"
222.91.125.82 - - [28/May/2019:14:35:54 +0800] "GET /static/admin/js/admin/RelatedObjectLookups.js HTTP/1.1" 404 571 "http://47.100.106.169/admin/show/account/" "Mozilla/5.0 (Windows NT 10.0; WOW64) AppleWebKit/537.36 (KHTML, like Gecko) Chrome/74.0.3729.169 Safari/537.36"
222.91.125.82 - - [28/May/2019:14:35:54 +0800] "GET /static/admin/js/actions.js HTTP/1.1" 404 571 "http://47.100.106.169/admin/show/account/" "Mozilla/5.0 (Windows NT 10.0; WOW64) AppleWebKit/537.36 (KHTML, like Gecko) Chrome/74.0.3729.169 Safari/537.36"
222.91.125.82 - - [28/May/2019:14:35:54 +0800] "GET /static/admin/js/urlify.js HTTP/1.1" 404 571 "http://47.100.106.169/admin/show/account/" "Mozilla/5.0 (Windows NT 10.0; WOW64) AppleWebKit/537.36 (KHTML, like Gecko) Chrome/74.0.3729.169 Safari/537.36"
222.91.125.82 - - [28/May/2019:14:35:54 +0800] "GET /static/admin/js/prepopulate.js HTTP/1.1" 404 571 "http://47.100.106.169/admin/show/account/" "Mozilla/5.0 (Windows NT 10.0; WOW64) AppleWebKit/537.36 (KHTML, like Gecko) Chrome/74.0.3729.169 Safari/537.36"
222.91.125.82 - - [28/May/2019:14:35:54 +0800] "GET /static/admin/js/vendor/xregexp/xregexp.js HTTP/1.1" 404 571 "http://47.100.106.169/admin/show/account/" "Mozilla/5.0 (Windows NT 10.0; WOW64) AppleWebKit/537.36 (KHTML, like Gecko) Chrome/74.0.3729.169 Safari/537.36"
222.91.125.82 - - [28/May/2019:14:36:01 +0800] "GET /admin/ HTTP/1.1" 200 8766 "http://47.100.106.169/admin/login/?next=/admin/" "Mozilla/5.0 (Windows NT 10.0; WOW64) AppleWebKit/537.36 (KHTML, like Gecko) Chrome/74.0.3729.169 Safari/537.36"
222.91.125.82 - - [28/May/2019:14:36:10 +0800] "GET /admin/show/class/ HTTP/1.1" 200 4797 "http://47.100.106.169/admin/" "Mozilla/5.0 (Windows NT 10.0; WOW64) AppleWebKit/537.36 (KHTML, like Gecko) Chrome/74.0.3729.169 Safari/537.36"
222.91.125.82 - - [28/May/2019:14:36:10 +0800] "GET /static/admin/css/base.css HTTP/1.1" 404 571 "http://47.100.106.169/admin/show/class/" "Mozilla/5.0 (Windows NT 10.0; WOW64) AppleWebKit/537.36 (KHTML, like Gecko) Chrome/74.0.3729.169 Safari/537.36"
222.91.125.82 - - [28/May/2019:14:36:10 +0800] "GET /static/admin/css/changelists.css HTTP/1.1" 404 571 "http://47.100.106.169/admin/show/class/" "Mozilla/5.0 (Windows NT 10.0; WOW64) AppleWebKit/537.36 (KHTML, like Gecko) Chrome/74.0.3729.169 Safari/537.36"
222.91.125.82 - - [28/May/2019:14:36:10 +0800] "GET /static/admin/js/core.js HTTP/1.1" 404 571 "http://47.100.106.169/admin/show/class/" "Mozilla/5.0 (Windows NT 10.0; WOW64) AppleWebKit/537.36 (KHTML, like Gecko) Chrome/74.0.3729.169 Safari/537.36"
222.91.125.82 - - [28/May/2019:14:36:10 +0800] "GET /static/admin/js/jquery.init.js HTTP/1.1" 404 571 "http://47.100.106.169/admin/show/class/" "Mozilla/5.0 (Windows NT 10.0; WOW64) AppleWebKit/537.36 (KHTML, like Gecko) Chrome/74.0.3729.169 Safari/537.36"
222.91.125.82 - - [28/May/2019:14:36:10 +0800] "GET /static/admin/js/vendor/jquery/jquery.js HTTP/1.1" 404 571 "http://47.100.106.169/admin/show/class/" "Mozilla/5.0 (Windows NT 10.0; WOW64) AppleWebKit/537.36 (KHTML, like Gecko) Chrome/74.0.3729.169 Safari/537.36"
222.91.125.82 - - [28/May/2019:14:36:10 +0800] "GET /admin/jsi18n/ HTTP/1.1" 200 3189 "http://47.100.106.169/admin/show/class/" "Mozilla/5.0 (Windows NT 10.0; WOW64) AppleWebKit/537.36 (KHTML, like Gecko) Chrome/74.0.3729.169 Safari/537.36"
222.91.125.82 - - [28/May/2019:14:36:10 +0800] "GET /static/admin/js/admin/RelatedObjectLookups.js HTTP/1.1" 404 571 "http://47.100.106.169/admin/show/class/" "Mozilla/5.0 (Windows NT 10.0; WOW64) AppleWebKit/537.36 (KHTML, like Gecko) Chrome/74.0.3729.169 Safari/537.36"
222.91.125.82 - - [28/May/2019:14:36:10 +0800] "GET /static/admin/js/actions.js HTTP/1.1" 404 571 "http://47.100.106.169/admin/show/class/" "Mozilla/5.0 (Windows NT 10.0; WOW64) AppleWebKit/537.36 (KHTML, like Gecko) Chrome/74.0.3729.169 Safari/537.36"
222.91.125.82 - - [28/May/2019:14:36:10 +0800] "GET /static/admin/js/urlify.js HTTP/1.1" 404 571 "http://47.100.106.169/admin/show/class/" "Mozilla/5.0 (Windows NT 10.0; WOW64) AppleWebKit/537.36 (KHTML, like Gecko) Chrome/74.0.3729.169 Safari/537.36"
